00> PC: 0002, State: 0002
00> Registers: 
00>      r00:0000 r01:0000 r02:0000 r03:0000 r04:0000 r05:0000 r06:0000 r07:0000
00>      r08:0000 r09:0000 r10:0000 r11:0000 r12:0000 r13:0000 r14:0000 r15:0000
00> Next instruction: loadi 72, r0

00> PC: 0006, State: 0002
00> Registers: 
00>      r00:0048 r01:0000 r02:0000 r03:0000 r04:0000 r05:0000 r06:0000 r07:0000
00>      r08:0000 r09:0000 r10:0000 r11:0000 r12:0000 r13:0000 r14:0000 r15:0000
00> Next instruction: out r0

H00> PC: 0008, State: 0002
00> Registers: 
00>      r00:0048 r01:0000 r02:0000 r03:0000 r04:0000 r05:0000 r06:0000 r07:0000
00>      r08:0000 r09:0000 r10:0000 r11:0000 r12:0000 r13:0000 r14:0000 r15:0000
00> Next instruction: loadi 101, r0

00> PC: 000c, State: 0002
00> Registers: 
00>      r00:0065 r01:0000 r02:0000 r03:0000 r04:0000 r05:0000 r06:0000 r07:0000
00>      r08:0000 r09:0000 r10:0000 r11:0000 r12:0000 r13:0000 r14:0000 r15:0000
00> Next instruction: out r0

e00> PC: 000e, State: 0002
00> Registers: 
00>      r00:0065 r01:0000 r02:0000 r03:0000 r04:0000 r05:0000 r06:0000 r07:0000
00>      r08:0000 r09:0000 r10:0000 r11:0000 r12:0000 r13:0000 r14:0000 r15:0000
00> Next instruction: loadi 108, r0

00> PC: 0012, State: 0002
00> Registers: 
00>      r00:006c r01:0000 r02:0000 r03:0000 r04:0000 r05:0000 r06:0000 r07:0000
00>      r08:0000 r09:0000 r10:0000 r11:0000 r12:0000 r13:0000 r14:0000 r15:0000
00> Next instruction: out r0

l00> PC: 0014, State: 0002
00> Registers: 
00>      r00:006c r01:0000 r02:0000 r03:0000 r04:0000 r05:0000 r06:0000 r07:0000
00>      r08:0000 r09:0000 r10:0000 r11:0000 r12:0000 r13:0000 r14:0000 r15:0000
00> Next instruction: loadi 108, r0

00> PC: 0018, State: 0002
00> Registers: 
00>      r00:006c r01:0000 r02:0000 r03:0000 r04:0000 r05:0000 r06:0000 r07:0000
00>      r08:0000 r09:0000 r10:0000 r11:0000 r12:0000 r13:0000 r14:0000 r15:0000
00> Next instruction: out r0

l00> PC: 001a, State: 0002
00> Registers: 
00>      r00:006c r01:0000 r02:0000 r03:0000 r04:0000 r05:0000 r06:0000 r07:0000
00>      r08:0000 r09:0000 r10:0000 r11:0000 r12:0000 r13:0000 r14:0000 r15:0000
00> Next instruction: loadi 111, r0

00> PC: 001e, State: 0002
00> Registers: 
00>      r00:006f r01:0000 r02:0000 r03:0000 r04:0000 r05:0000 r06:0000 r07:0000
00>      r08:0000 r09:0000 r10:0000 r11:0000 r12:0000 r13:0000 r14:0000 r15:0000
00> Next instruction: out r0

o00> PC: 0020, State: 0002
00> Registers: 
00>      r00:006f r01:0000 r02:0000 r03:0000 r04:0000 r05:0000 r06:0000 r07:0000
00>      r08:0000 r09:0000 r10:0000 r11:0000 r12:0000 r13:0000 r14:0000 r15:0000
00> Next instruction: loadi 10, r0

00> PC: 0024, State: 0002
00> Registers: 
00>      r00:000a r01:0000 r02:0000 r03:0000 r04:0000 r05:0000 r06:0000 r07:0000
00>      r08:0000 r09:0000 r10:0000 r11:0000 r12:0000 r13:0000 r14:0000 r15:0000
00> Next instruction: out r0


00> PC: 0026, State: 0002
00> Registers: 
00>      r00:000a r01:0000 r02:0000 r03:0000 r04:0000 r05:0000 r06:0000 r07:0000
00>      r08:0000 r09:0000 r10:0000 r11:0000 r12:0000 r13:0000 r14:0000 r15:0000
00> Next instruction: ret 

00> PC: 0300, State: 0002
00> Registers: 
00>      r00:000a r01:0000 r02:0000 r03:0000 r04:0000 r05:0000 r06:0000 r07:0000
00>      r08:0000 r09:0000 r10:0000 r11:0000 r12:0000 r13:0000 r14:0000 r15:0002
00> Next instruction: (null) 

