00> PC: 0002, State: 0002
00> Registers: 
00>      r00:0000 r01:0000 r02:0000 r03:0000 r04:0000 r05:0000 r06:0000 r07:0000
00>      r08:0000 r09:0000 r10:0000 r11:0000 r12:0000 r13:0000 r14:0000 r15:0000
00> Next instruction: loadi 1048, r15

00> PC: 0006, State: 0002
00> Registers: 
00>      r00:0000 r01:0000 r02:0000 r03:0000 r04:0000 r05:0000 r06:0000 r07:0000
00>      r08:0000 r09:0000 r10:0000 r11:0000 r12:0000 r13:0000 r14:0000 r15:0418
00> Next instruction: loadi 42, r0

00> PC: 000a, State: 0002
00> Registers: 
00>      r00:002a r01:0000 r02:0000 r03:0000 r04:0000 r05:0000 r06:0000 r07:0000
00>      r08:0000 r09:0000 r10:0000 r11:0000 r12:0000 r13:0000 r14:0000 r15:0418
00> Next instruction: loadi 13, r1

00> PC: 000e, State: 0002
00> Registers: 
00>      r00:002a r01:000d r02:0000 r03:0000 r04:0000 r05:0000 r06:0000 r07:0000
00>      r08:0000 r09:0000 r10:0000 r11:0000 r12:0000 r13:0000 r14:0000 r15:0418
00> Next instruction: push r2

00> PC: 0010, State: 0002
00> Registers: 
00>      r00:002a r01:000d r02:0000 r03:0000 r04:0000 r05:0000 r06:0000 r07:0000
00>      r08:0000 r09:0000 r10:0000 r11:0000 r12:0000 r13:0000 r14:0000 r15:0416
00> Next instruction: push r3

00> PC: 0012, State: 0002
00> Registers: 
00>      r00:002a r01:000d r02:0000 r03:0000 r04:0000 r05:0000 r06:0000 r07:0000
00>      r08:0000 r09:0000 r10:0000 r11:0000 r12:0000 r13:0000 r14:0000 r15:0414
00> Next instruction: pop r2

00> PC: 0014, State: 0002
00> Registers: 
00>      r00:002a r01:000d r02:0000 r03:0000 r04:0000 r05:0000 r06:0000 r07:0000
00>      r08:0000 r09:0000 r10:0000 r11:0000 r12:0000 r13:0000 r14:0000 r15:0416
00> Next instruction: pop r3

00> PC: 0016, State: 0002
00> Registers: 
00>      r00:002a r01:000d r02:0000 r03:0000 r04:0000 r05:0000 r06:0000 r07:0000
00>      r08:0000 r09:0000 r10:0000 r11:0000 r12:0000 r13:0000 r14:0000 r15:0418
00> Next instruction: (null) 

