00> PC: 0002, State: 0002
00> Registers: 
00>      r00:0000 r01:0000 r02:0000 r03:0000 r04:0000 r05:0000 r06:0000 r07:0000
00>      r08:0000 r09:0000 r10:0000 r11:0000 r12:0000 r13:0000 r14:0000 r15:0000
00> Next instruction: loadi 1, r0

00> PC: 0006, State: 0002
00> Registers: 
00>      r00:0001 r01:0000 r02:0000 r03:0000 r04:0000 r05:0000 r06:0000 r07:0000
00>      r08:0000 r09:0000 r10:0000 r11:0000 r12:0000 r13:0000 r14:0000 r15:0000
00> Next instruction: loadi 65535, r0

00> PC: 000a, State: 0002
00> Registers: 
00>      r00:ffff r01:0000 r02:0000 r03:0000 r04:0000 r05:0000 r06:0000 r07:0000
00>      r08:0000 r09:0000 r10:0000 r11:0000 r12:0000 r13:0000 r14:0000 r15:0000
00> Next instruction: loadi 0, r0

00> PC: 000e, State: 0002
00> Registers: 
00>      r00:0000 r01:0000 r02:0000 r03:0000 r04:0000 r05:0000 r06:0000 r07:0000
00>      r08:0000 r09:0000 r10:0000 r11:0000 r12:0000 r13:0000 r14:0000 r15:0000
00> Next instruction: loadi 10, r0

00> PC: 0012, State: 0002
00> Registers: 
00>      r00:000a r01:0000 r02:0000 r03:0000 r04:0000 r05:0000 r06:0000 r07:0000
00>      r08:0000 r09:0000 r10:0000 r11:0000 r12:0000 r13:0000 r14:0000 r15:0000
00> Next instruction: loadi 65526, r0

00> PC: 0016, State: 0002
00> Registers: 
00>      r00:fff6 r01:0000 r02:0000 r03:0000 r04:0000 r05:0000 r06:0000 r07:0000
00>      r08:0000 r09:0000 r10:0000 r11:0000 r12:0000 r13:0000 r14:0000 r15:0000
00> Next instruction: loadi 256, r0

00> PC: 001a, State: 0002
00> Registers: 
00>      r00:0100 r01:0000 r02:0000 r03:0000 r04:0000 r05:0000 r06:0000 r07:0000
00>      r08:0000 r09:0000 r10:0000 r11:0000 r12:0000 r13:0000 r14:0000 r15:0000
00> Next instruction: loadi 1, r0

00> PC: 001e, State: 0002
00> Registers: 
00>      r00:0001 r01:0000 r02:0000 r03:0000 r04:0000 r05:0000 r06:0000 r07:0000
00>      r08:0000 r09:0000 r10:0000 r11:0000 r12:0000 r13:0000 r14:0000 r15:0000
00> Next instruction: loadi 65535, r0

00> PC: 0022, State: 0002
00> Registers: 
00>      r00:ffff r01:0000 r02:0000 r03:0000 r04:0000 r05:0000 r06:0000 r07:0000
00>      r08:0000 r09:0000 r10:0000 r11:0000 r12:0000 r13:0000 r14:0000 r15:0000
00> Next instruction: loadi 1, r0

00> PC: 0026, State: 0002
00> Registers: 
00>      r00:0001 r01:0000 r02:0000 r03:0000 r04:0000 r05:0000 r06:0000 r07:0000
00>      r08:0000 r09:0000 r10:0000 r11:0000 r12:0000 r13:0000 r14:0000 r15:0000
00> Next instruction: loadi 65535, r0

00> PC: 002a, State: 0002
00> Registers: 
00>      r00:ffff r01:0000 r02:0000 r03:0000 r04:0000 r05:0000 r06:0000 r07:0000
00>      r08:0000 r09:0000 r10:0000 r11:0000 r12:0000 r13:0000 r14:0000 r15:0000
00> Next instruction: loadi 0, r0

00> PC: 002e, State: 0002
00> Registers: 
00>      r00:0000 r01:0000 r02:0000 r03:0000 r04:0000 r05:0000 r06:0000 r07:0000
00>      r08:0000 r09:0000 r10:0000 r11:0000 r12:0000 r13:0000 r14:0000 r15:0000
00> Next instruction: loadi 256, r0

00> PC: 0032, State: 0002
00> Registers: 
00>      r00:0100 r01:0000 r02:0000 r03:0000 r04:0000 r05:0000 r06:0000 r07:0000
00>      r08:0000 r09:0000 r10:0000 r11:0000 r12:0000 r13:0000 r14:0000 r15:0000
00> Next instruction: (null) 

