00> PC: 0002, State: 0002
00> Registers: 
00>      r00:0000 r01:0000 r02:0000 r03:0000 r04:0000 r05:0000 r06:0000 r07:0000
00>      r08:0000 r09:0000 r10:0000 r11:0000 r12:0000 r13:0000 r14:0000 r15:0000
00> Next instruction: jmp 10

00> PC: 000a, State: 0002
00> Registers: 
00>      r00:0000 r01:0000 r02:0000 r03:0000 r04:0000 r05:0000 r06:0000 r07:0000
00>      r08:0000 r09:0000 r10:0000 r11:0000 r12:0000 r13:0000 r14:0000 r15:0000
00> Next instruction: jmp 6

00> PC: 0006, State: 0002
00> Registers: 
00>      r00:0000 r01:0000 r02:0000 r03:0000 r04:0000 r05:0000 r06:0000 r07:0000
00>      r08:0000 r09:0000 r10:0000 r11:0000 r12:0000 r13:0000 r14:0000 r15:0000
00> Next instruction: jmp 14

00> PC: 000e, State: 0002
00> Registers: 
00>      r00:0000 r01:0000 r02:0000 r03:0000 r04:0000 r05:0000 r06:0000 r07:0000
00>      r08:0000 r09:0000 r10:0000 r11:0000 r12:0000 r13:0000 r14:0000 r15:0000
00> Next instruction: (null) 

